[LT0][HOR][HOR][HOR][HOR][TD0][HOR][HOR][HOR][HOR][HOR][HOR][HOR][HOR][TD0][HOR][HOR][HOR][HOR][RT0]
[VER][DOT][DOT][DOT][DOT][VER][DOT][DOT][DOT][DOT][DOT][DOT][DOT][DOT][VER][DOT][DOT][DOT][DOT][VER]
[VER][DOT][LT0][CR0][DOT][CD0][DOT][CL0][HOR][HOR][HOR][HOR][CR0][DOT][CD0][DOT][CL0][RT0][DOT][VER]
[VER][DOT][VER][DOT][DOT][DOT][DOT][DOT][DOT][DOT][DOT][DOT][DOT][DOT][DOT][DOT][DOT][VER][DOT][VER]
[VER][DOT][CD0][DOT][CL0][CR0][DOT][LT0][CR0][BNK][BNK][CL0][RT0][DOT][CL0][CR0][DOT][CD0][DOT][VER]
[VER][DOT][DOT][DOT][DOT][DOT][DOT][VER][BNK][GH1][GH2][BNK][VER][DOT][DOT][DOT][DOT][DOT][DOT][VER]
[VER][DOT][CU0][DOT][CL0][CR0][DOT][LD0][HOR][HOR][HOR][HOR][RD0][DOT][CL0][CR0][DOT][CU0][DOT][VER]
[VER][DOT][VER][DOT][DOT][BNK][BNK][BNK][BNK][BNK][PAC][BNK][BNK][BNK][DOT][DOT][DOT][VER][DOT][VER]
[VER][DOT][LD0][CR0][DOT][CU0][DOT][CL0][HOR][HOR][HOR][HOR][CR0][BNK][CU0][DOT][CL0][RD0][DOT][VER]
[VER][DOT][DOT][DOT][DOT][VER][DOT][DOT][DOT][BNK][BNK][BNK][BNK][BNK][VER][DOT][DOT][DOT][DOT][VER]
[LD0][HOR][HOR][HOR][HOR][TU0][HOR][HOR][HOR][HOR][HOR][HOR][HOR][HOR][TU0][HOR][HOR][HOR][HOR][RD0]